// Jest Snapshot v1, https://goo.gl/fbAQLP

exports[`AlphabetCursive with curves 1`] = `
<div
  style={
    Object {
      "border": "1px solid grey",
      "width": "100%",
    }
  }
>
  <Stage
    height={200}
    width={200}
  >
    <Layer>
      <LineOrQuadraticCurve
        key="0"
        points={
          Array [
            Object {
              "x": 10,
              "y": 10,
            },
            Object {
              "x": 10,
              "y": 20,
            },
            Object {
              "x": 15,
              "y": 15,
            },
          ]
        }
        stroke="red"
        strokeWidth={4}
      />
      <LineOrQuadraticCurve
        key="1"
        points={
          Array [
            Object {
              "x": 20,
              "y": 40,
            },
            Object {
              "x": 20,
              "y": 60,
            },
          ]
        }
        stroke="red"
        strokeWidth={4}
      />
    </Layer>
  </Stage>
</div>
`;
