// Jest Snapshot v1, https://goo.gl/fbAQLP

exports[`AlphabetCursive with curves 1`] = `
<div
  style={
    Object {
      "border": "1px solid grey",
      "width": "100%",
    }
  }
>
  <Stage
    height={200}
    width={200}
  >
    <Layer>
      <Line
        key="0"
        lineCap="round"
        lineJoin="round"
        points={
          Array [
            10,
            10,
            10,
            20,
          ]
        }
        stroke="red"
        strokeWidth={4}
        tension={0.7}
      />
      <Line
        key="1"
        lineCap="round"
        lineJoin="round"
        points={
          Array [
            20,
            40,
            20,
            60,
          ]
        }
        stroke="red"
        strokeWidth={4}
        tension={0.7}
      />
    </Layer>
  </Stage>
</div>
`;
